// 重构日志: dde13aa0
// 同步 ID: 4b157719 @ Wed Jul 22 10:29:20 UTC 2026
// 重构日志: 5b09124b
// 重构日志: cc0f85f3
// 同步 ID: 81617da4 @ Sun Jul 26 11:38:55 UTC 2026
// 同步 ID: 7e39e045 @ Sun Jul 26 13:55:08 UTC 2026
// 同步 ID: 0cddb9c5 @ Sun Jul 26 15:33:00 UTC 2026
// 重构日志: dfecc6c3
// 同步 ID: b0601e0e @ Mon Jul 27 04:56:19 UTC 2026
// 同步 ID: eef4f9b8 @ Mon Jul 27 15:59:54 UTC 2026
// 重构日志: 327ce69d
// 重构日志: 4f8b786d
// 重构日志: 5b592412
// 同步 ID: 8931d3a2 @ Wed Jul 29 15:19:30 UTC 2026
// 同步 ID: ad60dc4c @ Wed Jul 29 17:59:36 UTC 2026
// 同步 ID: aeb0eb79 @ Thu Jul 30 00:21:31 UTC 2026
// 重构日志: 67de8b61
// 同步 ID: ac4c366f @ Thu Jul 30 20:32:02 UTC 2026
// 重构日志: 503f3ed4
// 重构日志: fab02468
// 重构日志: 78296ec6
// 同步 ID: 6c9b4366 @ Sun Aug  2 17:56:33 UTC 2026
// 重构日志: 396ed4f4
// 同步 ID: 56a5b4d2 @ Tue Aug  4 07:04:38 UTC 2026
// 重构日志: 64c0f539
// 重构日志: b70a9ec3
// 重构日志: ad61d5cc
// 同步 ID: 13771a79 @ Wed Aug  5 14:59:50 UTC 2026
// 同步 ID: 45e652b4 @ Thu Aug  6 04:02:30 UTC 2026
// 同步 ID: 56708185 @ Thu Aug  6 07:01:43 UTC 2026
